// Contents.json
{
  "info" : {
    "author" : "xcode",
    "version" : 1
  }
}

// alt/Contents.json
{
  "info" : {
    "author" : "xcode",
    "version" : 1
  },
  "properties" : {
    "provides-namespace" : true
  }
}

// alt/color-bg-fill-accent.colorset/Contents.json
{
  "colors" : [
    {
      "color" : {
        "color-space" : "display-p3",
        "components" : {
          "alpha" : "1.0000",
          "blue" : "0.5194",
          "green" : "0.7628",
          "red" : "0.9622"
        }
      },
      "idiom" : "universal"
    },
    {
      "appearances" : [
        {
          "appearance" : "luminosity",
          "value" : "dark"
        }
      ],
      "color" : {
        "color-space" : "display-p3",
        "components" : {
          "alpha" : "1.0000",
          "blue" : "0.3278",
          "green" : "0.6219",
          "red" : "0.2808"
        }
      },
      "idiom" : "universal"
    },
    {
      "appearances" : [
        {
          "appearance" : "contrast",
          "value" : "high"
        }
      ],
      "color" : {
        "color-space" : "display-p3",
        "components" : {
          "alpha" : "1.0000",
          "blue" : "0.5194",
          "green" : "0.7628",
          "red" : "0.9622"
        }
      },
      "idiom" : "universal"
    },
    {
      "appearances" : [
        {
          "appearance" : "luminosity",
          "value" : "dark"
        },
        {
          "appearance" : "contrast",
          "value" : "high"
        }
      ],
      "color" : {
        "color-space" : "display-p3",
        "components" : {
          "alpha" : "1.0000",
          "blue" : "0.3278",
          "green" : "0.6219",
          "red" : "0.2808"
        }
      },
      "idiom" : "universal"
    },
    {
      "color" : {
        "color-space" : "display-p3",
        "components" : {
          "alpha" : "1.0000",
          "blue" : "0.3278",
          "green" : "0.6219",
          "red" : "0.2808"
        }
      },
      "idiom" : "watch"
    }
  ],
  "info" : {
    "author" : "xcode",
    "version" : 1
  }
}

// alt/color-bg-page.colorset/Contents.json
{
  "colors" : [
    {
      "color" : {
        "color-space" : "display-p3",
        "components" : {
          "alpha" : "1.0000",
          "blue" : "0.9595",
          "green" : "0.9488",
          "red" : "0.9458"
        }
      },
      "idiom" : "universal"
    },
    {
      "appearances" : [
        {
          "appearance" : "luminosity",
          "value" : "dark"
        }
      ],
      "color" : {
        "color-space" : "display-p3",
        "components" : {
          "alpha" : "1.0000",
          "blue" : "0.0695",
          "green" : "0.0592",
          "red" : "0.0564"
        }
      },
      "idiom" : "universal"
    },
    {
      "appearances" : [
        {
          "appearance" : "contrast",
          "value" : "high"
        }
      ],
      "color" : {
        "color-space" : "display-p3",
        "components" : {
          "alpha" : "1.0000",
          "blue" : "0.9595",
          "green" : "0.9488",
          "red" : "0.9458"
        }
      },
      "idiom" : "universal"
    },
    {
      "appearances" : [
        {
          "appearance" : "luminosity",
          "value" : "dark"
        },
        {
          "appearance" : "contrast",
          "value" : "high"
        }
      ],
      "color" : {
        "color-space" : "display-p3",
        "components" : {
          "alpha" : "1.0000",
          "blue" : "0.0695",
          "green" : "0.0592",
          "red" : "0.0564"
        }
      },
      "idiom" : "universal"
    },
    {
      "color" : {
        "color-space" : "display-p3",
        "components" : {
          "alpha" : "1.0000",
          "blue" : "0.0695",
          "green" : "0.0592",
          "red" : "0.0564"
        }
      },
      "idiom" : "watch"
    }
  ],
  "info" : {
    "author" : "xcode",
    "version" : 1
  }
}

// alt/color-bg-surface-raised.colorset/Contents.json
{
  "colors" : [
    {
      "color" : {
        "color-space" : "display-p3",
        "components" : {
          "alpha" : "1.0000",
          "blue" : "1.0000",
          "green" : "1.0000",
          "red" : "1.0000"
        }
      },
      "idiom" : "universal"
    },
    {
      "appearances" : [
        {
          "appearance" : "luminosity",
          "value" : "dark"
        }
      ],
      "color" : {
        "color-space" : "display-p3",
        "components" : {
          "alpha" : "1.0000",
          "blue" : "0.1177",
          "green" : "0.1047",
          "red" : "0.1011"
        }
      },
      "idiom" : "universal"
    },
    {
      "appearances" : [
        {
          "appearance" : "contrast",
          "value" : "high"
        }
      ],
      "color" : {
        "color-space" : "display-p3",
        "components" : {
          "alpha" : "1.0000",
          "blue" : "1.0000",
          "green" : "1.0000",
          "red" : "1.0000"
        }
      },
      "idiom" : "universal"
    },
    {
      "appearances" : [
        {
          "appearance" : "luminosity",
          "value" : "dark"
        },
        {
          "appearance" : "contrast",
          "value" : "high"
        }
      ],
      "color" : {
        "color-space" : "display-p3",
        "components" : {
          "alpha" : "1.0000",
          "blue" : "0.1177",
          "green" : "0.1047",
          "red" : "0.1011"
        }
      },
      "idiom" : "universal"
    },
    {
      "color" : {
        "color-space" : "display-p3",
        "components" : {
          "alpha" : "1.0000",
          "blue" : "0.1177",
          "green" : "0.1047",
          "red" : "0.1011"
        }
      },
      "idiom" : "watch"
    }
  ],
  "info" : {
    "author" : "xcode",
    "version" : 1
  }
}

// alt/color-bg-surface.colorset/Contents.json
{
  "colors" : [
    {
      "color" : {
        "color-space" : "display-p3",
        "components" : {
          "alpha" : "1.0000",
          "blue" : "1.0000",
          "green" : "1.0000",
          "red" : "1.0000"
        }
      },
      "idiom" : "universal"
    },
    {
      "appearances" : [
        {
          "appearance" : "luminosity",
          "value" : "dark"
        }
      ],
      "color" : {
        "color-space" : "display-p3",
        "components" : {
          "alpha" : "1.0000",
          "blue" : "0.1177",
          "green" : "0.1047",
          "red" : "0.1011"
        }
      },
      "idiom" : "universal"
    },
    {
      "appearances" : [
        {
          "appearance" : "contrast",
          "value" : "high"
        }
      ],
      "color" : {
        "color-space" : "display-p3",
        "components" : {
          "alpha" : "1.0000",
          "blue" : "1.0000",
          "green" : "1.0000",
          "red" : "1.0000"
        }
      },
      "idiom" : "universal"
    },
    {
      "appearances" : [
        {
          "appearance" : "luminosity",
          "value" : "dark"
        },
        {
          "appearance" : "contrast",
          "value" : "high"
        }
      ],
      "color" : {
        "color-space" : "display-p3",
        "components" : {
          "alpha" : "1.0000",
          "blue" : "0.1177",
          "green" : "0.1047",
          "red" : "0.1011"
        }
      },
      "idiom" : "universal"
    },
    {
      "color" : {
        "color-space" : "display-p3",
        "components" : {
          "alpha" : "1.0000",
          "blue" : "0.1177",
          "green" : "0.1047",
          "red" : "0.1011"
        }
      },
      "idiom" : "watch"
    }
  ],
  "info" : {
    "author" : "xcode",
    "version" : 1
  }
}

// alt/color-bg-tint-accent.colorset/Contents.json
{
  "colors" : [
    {
      "color" : {
        "color-space" : "display-p3",
        "components" : {
          "alpha" : "0.1200",
          "blue" : "0.3278",
          "green" : "0.6219",
          "red" : "0.2808"
        }
      },
      "idiom" : "universal"
    },
    {
      "appearances" : [
        {
          "appearance" : "luminosity",
          "value" : "dark"
        }
      ],
      "color" : {
        "color-space" : "display-p3",
        "components" : {
          "alpha" : "0.1400",
          "blue" : "0.3278",
          "green" : "0.6219",
          "red" : "0.2808"
        }
      },
      "idiom" : "universal"
    },
    {
      "appearances" : [
        {
          "appearance" : "contrast",
          "value" : "high"
        }
      ],
      "color" : {
        "color-space" : "display-p3",
        "components" : {
          "alpha" : "0.1200",
          "blue" : "0.3278",
          "green" : "0.6219",
          "red" : "0.2808"
        }
      },
      "idiom" : "universal"
    },
    {
      "appearances" : [
        {
          "appearance" : "luminosity",
          "value" : "dark"
        },
        {
          "appearance" : "contrast",
          "value" : "high"
        }
      ],
      "color" : {
        "color-space" : "display-p3",
        "components" : {
          "alpha" : "0.1400",
          "blue" : "0.3278",
          "green" : "0.6219",
          "red" : "0.2808"
        }
      },
      "idiom" : "universal"
    },
    {
      "color" : {
        "color-space" : "display-p3",
        "components" : {
          "alpha" : "0.1400",
          "blue" : "0.3278",
          "green" : "0.6219",
          "red" : "0.2808"
        }
      },
      "idiom" : "watch"
    }
  ],
  "info" : {
    "author" : "xcode",
    "version" : 1
  }
}

// alt/color-border-hairline.colorset/Contents.json
{
  "colors" : [
    {
      "color" : {
        "color-space" : "display-p3",
        "components" : {
          "alpha" : "0.1000",
          "blue" : "0.0695",
          "green" : "0.0592",
          "red" : "0.0564"
        }
      },
      "idiom" : "universal"
    },
    {
      "appearances" : [
        {
          "appearance" : "luminosity",
          "value" : "dark"
        }
      ],
      "color" : {
        "color-space" : "display-p3",
        "components" : {
          "alpha" : "0.1200",
          "blue" : "0.0695",
          "green" : "0.0592",
          "red" : "0.0564"
        }
      },
      "idiom" : "universal"
    },
    {
      "appearances" : [
        {
          "appearance" : "contrast",
          "value" : "high"
        }
      ],
      "color" : {
        "color-space" : "display-p3",
        "components" : {
          "alpha" : "0.3000",
          "blue" : "0.0695",
          "green" : "0.0592",
          "red" : "0.0564"
        }
      },
      "idiom" : "universal"
    },
    {
      "appearances" : [
        {
          "appearance" : "luminosity",
          "value" : "dark"
        },
        {
          "appearance" : "contrast",
          "value" : "high"
        }
      ],
      "color" : {
        "color-space" : "display-p3",
        "components" : {
          "alpha" : "0.1200",
          "blue" : "0.0695",
          "green" : "0.0592",
          "red" : "0.0564"
        }
      },
      "idiom" : "universal"
    },
    {
      "color" : {
        "color-space" : "display-p3",
        "components" : {
          "alpha" : "0.1200",
          "blue" : "0.0695",
          "green" : "0.0592",
          "red" : "0.0564"
        }
      },
      "idiom" : "watch"
    }
  ],
  "info" : {
    "author" : "xcode",
    "version" : 1
  }
}

// alt/color-text-accent.colorset/Contents.json
{
  "colors" : [
    {
      "color" : {
        "color-space" : "display-p3",
        "components" : {
          "alpha" : "1.0000",
          "blue" : "0.1766",
          "green" : "0.3127",
          "red" : "0.5444"
        }
      },
      "idiom" : "universal"
    },
    {
      "appearances" : [
        {
          "appearance" : "luminosity",
          "value" : "dark"
        }
      ],
      "color" : {
        "color-space" : "display-p3",
        "components" : {
          "alpha" : "1.0000",
          "blue" : "0.3278",
          "green" : "0.6219",
          "red" : "0.2808"
        }
      },
      "idiom" : "universal"
    },
    {
      "appearances" : [
        {
          "appearance" : "contrast",
          "value" : "high"
        }
      ],
      "color" : {
        "color-space" : "display-p3",
        "components" : {
          "alpha" : "1.0000",
          "blue" : "0.1258",
          "green" : "0.2226",
          "red" : "0.4054"
        }
      },
      "idiom" : "universal"
    },
    {
      "appearances" : [
        {
          "appearance" : "luminosity",
          "value" : "dark"
        },
        {
          "appearance" : "contrast",
          "value" : "high"
        }
      ],
      "color" : {
        "color-space" : "display-p3",
        "components" : {
          "alpha" : "1.0000",
          "blue" : "0.3278",
          "green" : "0.6219",
          "red" : "0.2808"
        }
      },
      "idiom" : "universal"
    },
    {
      "color" : {
        "color-space" : "display-p3",
        "components" : {
          "alpha" : "1.0000",
          "blue" : "0.3278",
          "green" : "0.6219",
          "red" : "0.2808"
        }
      },
      "idiom" : "watch"
    }
  ],
  "info" : {
    "author" : "xcode",
    "version" : 1
  }
}

// alt/color-text-on-accent.colorset/Contents.json
{
  "colors" : [
    {
      "color" : {
        "color-space" : "display-p3",
        "components" : {
          "alpha" : "1.0000",
          "blue" : "0.0695",
          "green" : "0.0592",
          "red" : "0.0564"
        }
      },
      "idiom" : "universal"
    }
  ],
  "info" : {
    "author" : "xcode",
    "version" : 1
  }
}

// alt/color-text-on-glass.colorset/Contents.json
{
  "colors" : [
    {
      "color" : {
        "color-space" : "srgb",
        "components" : {
          "alpha" : "1.0000",
          "blue" : "1.0000",
          "green" : "1.0000",
          "red" : "1.0000"
        }
      },
      "idiom" : "universal"
    }
  ],
  "info" : {
    "author" : "xcode",
    "version" : 1
  }
}

// alt/color-text-primary.colorset/Contents.json
{
  "colors" : [
    {
      "color" : {
        "color-space" : "display-p3",
        "components" : {
          "alpha" : "1.0000",
          "blue" : "0.1177",
          "green" : "0.1047",
          "red" : "0.1011"
        }
      },
      "idiom" : "universal"
    },
    {
      "appearances" : [
        {
          "appearance" : "luminosity",
          "value" : "dark"
        }
      ],
      "color" : {
        "color-space" : "display-p3",
        "components" : {
          "alpha" : "1.0000",
          "blue" : "1.0000",
          "green" : "1.0000",
          "red" : "1.0000"
        }
      },
      "idiom" : "universal"
    },
    {
      "appearances" : [
        {
          "appearance" : "contrast",
          "value" : "high"
        }
      ],
      "color" : {
        "color-space" : "display-p3",
        "components" : {
          "alpha" : "1.0000",
          "blue" : "0.1177",
          "green" : "0.1047",
          "red" : "0.1011"
        }
      },
      "idiom" : "universal"
    },
    {
      "appearances" : [
        {
          "appearance" : "luminosity",
          "value" : "dark"
        },
        {
          "appearance" : "contrast",
          "value" : "high"
        }
      ],
      "color" : {
        "color-space" : "display-p3",
        "components" : {
          "alpha" : "1.0000",
          "blue" : "1.0000",
          "green" : "1.0000",
          "red" : "1.0000"
        }
      },
      "idiom" : "universal"
    },
    {
      "color" : {
        "color-space" : "display-p3",
        "components" : {
          "alpha" : "1.0000",
          "blue" : "1.0000",
          "green" : "1.0000",
          "red" : "1.0000"
        }
      },
      "idiom" : "watch"
    }
  ],
  "info" : {
    "author" : "xcode",
    "version" : 1
  }
}

// alt/color-text-secondary.colorset/Contents.json
{
  "colors" : [
    {
      "color" : {
        "color-space" : "srgb",
        "components" : {
          "alpha" : "0.6400",
          "blue" : "0.0000",
          "green" : "0.0000",
          "red" : "0.0000"
        }
      },
      "idiom" : "universal"
    },
    {
      "appearances" : [
        {
          "appearance" : "luminosity",
          "value" : "dark"
        }
      ],
      "color" : {
        "color-space" : "srgb",
        "components" : {
          "alpha" : "0.6400",
          "blue" : "1.0000",
          "green" : "1.0000",
          "red" : "1.0000"
        }
      },
      "idiom" : "universal"
    },
    {
      "appearances" : [
        {
          "appearance" : "contrast",
          "value" : "high"
        }
      ],
      "color" : {
        "color-space" : "srgb",
        "components" : {
          "alpha" : "0.8000",
          "blue" : "0.0000",
          "green" : "0.0000",
          "red" : "0.0000"
        }
      },
      "idiom" : "universal"
    },
    {
      "appearances" : [
        {
          "appearance" : "luminosity",
          "value" : "dark"
        },
        {
          "appearance" : "contrast",
          "value" : "high"
        }
      ],
      "color" : {
        "color-space" : "srgb",
        "components" : {
          "alpha" : "0.8000",
          "blue" : "1.0000",
          "green" : "1.0000",
          "red" : "1.0000"
        }
      },
      "idiom" : "universal"
    },
    {
      "color" : {
        "color-space" : "srgb",
        "components" : {
          "alpha" : "0.6400",
          "blue" : "1.0000",
          "green" : "1.0000",
          "red" : "1.0000"
        }
      },
      "idiom" : "watch"
    }
  ],
  "info" : {
    "author" : "xcode",
    "version" : 1
  }
}

// alt/material-glass-dark-fill.colorset/Contents.json
{
  "colors" : [
    {
      "color" : {
        "color-space" : "display-p3",
        "components" : {
          "alpha" : "0.5500",
          "blue" : "0.0328",
          "green" : "0.0469",
          "red" : "0.0407"
        }
      },
      "idiom" : "universal"
    },
    {
      "appearances" : [
        {
          "appearance" : "luminosity",
          "value" : "dark"
        }
      ],
      "color" : {
        "color-space" : "display-p3",
        "components" : {
          "alpha" : "0.6000",
          "blue" : "0.0639",
          "green" : "0.0780",
          "red" : "0.0657"
        }
      },
      "idiom" : "universal"
    },
    {
      "appearances" : [
        {
          "appearance" : "contrast",
          "value" : "high"
        }
      ],
      "color" : {
        "color-space" : "display-p3",
        "components" : {
          "alpha" : "0.5500",
          "blue" : "0.0328",
          "green" : "0.0469",
          "red" : "0.0407"
        }
      },
      "idiom" : "universal"
    },
    {
      "appearances" : [
        {
          "appearance" : "luminosity",
          "value" : "dark"
        },
        {
          "appearance" : "contrast",
          "value" : "high"
        }
      ],
      "color" : {
        "color-space" : "display-p3",
        "components" : {
          "alpha" : "0.6000",
          "blue" : "0.0639",
          "green" : "0.0780",
          "red" : "0.0657"
        }
      },
      "idiom" : "universal"
    },
    {
      "color" : {
        "color-space" : "display-p3",
        "components" : {
          "alpha" : "0.6000",
          "blue" : "0.0639",
          "green" : "0.0780",
          "red" : "0.0657"
        }
      },
      "idiom" : "watch"
    }
  ],
  "info" : {
    "author" : "xcode",
    "version" : 1
  }
}

// alt/material-glass-scrim.colorset/Contents.json
{
  "colors" : [
    {
      "color" : {
        "color-space" : "srgb",
        "components" : {
          "alpha" : "0.3500",
          "blue" : "0.0000",
          "green" : "0.0000",
          "red" : "0.0000"
        }
      },
      "idiom" : "universal"
    },
    {
      "appearances" : [
        {
          "appearance" : "luminosity",
          "value" : "dark"
        }
      ],
      "color" : {
        "color-space" : "srgb",
        "components" : {
          "alpha" : "0.4000",
          "blue" : "0.0000",
          "green" : "0.0000",
          "red" : "0.0000"
        }
      },
      "idiom" : "universal"
    },
    {
      "appearances" : [
        {
          "appearance" : "contrast",
          "value" : "high"
        }
      ],
      "color" : {
        "color-space" : "srgb",
        "components" : {
          "alpha" : "0.3500",
          "blue" : "0.0000",
          "green" : "0.0000",
          "red" : "0.0000"
        }
      },
      "idiom" : "universal"
    },
    {
      "appearances" : [
        {
          "appearance" : "luminosity",
          "value" : "dark"
        },
        {
          "appearance" : "contrast",
          "value" : "high"
        }
      ],
      "color" : {
        "color-space" : "srgb",
        "components" : {
          "alpha" : "0.4000",
          "blue" : "0.0000",
          "green" : "0.0000",
          "red" : "0.0000"
        }
      },
      "idiom" : "universal"
    },
    {
      "color" : {
        "color-space" : "srgb",
        "components" : {
          "alpha" : "0.4000",
          "blue" : "0.0000",
          "green" : "0.0000",
          "red" : "0.0000"
        }
      },
      "idiom" : "watch"
    }
  ],
  "info" : {
    "author" : "xcode",
    "version" : 1
  }
}

// prism/Contents.json
{
  "info" : {
    "author" : "xcode",
    "version" : 1
  },
  "properties" : {
    "provides-namespace" : true
  }
}

// prism/color-bg-fill-accent.colorset/Contents.json
{
  "colors" : [
    {
      "color" : {
        "color-space" : "display-p3",
        "components" : {
          "alpha" : "1.0000",
          "blue" : "0.5194",
          "green" : "0.7628",
          "red" : "0.9622"
        }
      },
      "idiom" : "universal"
    },
    {
      "appearances" : [
        {
          "appearance" : "luminosity",
          "value" : "dark"
        }
      ],
      "color" : {
        "color-space" : "display-p3",
        "components" : {
          "alpha" : "1.0000",
          "blue" : "0.3306",
          "green" : "0.5979",
          "red" : "0.9011"
        }
      },
      "idiom" : "universal"
    },
    {
      "appearances" : [
        {
          "appearance" : "contrast",
          "value" : "high"
        }
      ],
      "color" : {
        "color-space" : "display-p3",
        "components" : {
          "alpha" : "1.0000",
          "blue" : "0.5194",
          "green" : "0.7628",
          "red" : "0.9622"
        }
      },
      "idiom" : "universal"
    },
    {
      "appearances" : [
        {
          "appearance" : "luminosity",
          "value" : "dark"
        },
        {
          "appearance" : "contrast",
          "value" : "high"
        }
      ],
      "color" : {
        "color-space" : "display-p3",
        "components" : {
          "alpha" : "1.0000",
          "blue" : "0.3306",
          "green" : "0.5979",
          "red" : "0.9011"
        }
      },
      "idiom" : "universal"
    },
    {
      "color" : {
        "color-space" : "display-p3",
        "components" : {
          "alpha" : "1.0000",
          "blue" : "0.3306",
          "green" : "0.5979",
          "red" : "0.9011"
        }
      },
      "idiom" : "watch"
    }
  ],
  "info" : {
    "author" : "xcode",
    "version" : 1
  }
}

// prism/color-bg-page.colorset/Contents.json
{
  "colors" : [
    {
      "color" : {
        "color-space" : "display-p3",
        "components" : {
          "alpha" : "1.0000",
          "blue" : "0.9595",
          "green" : "0.9488",
          "red" : "0.9458"
        }
      },
      "idiom" : "universal"
    },
    {
      "appearances" : [
        {
          "appearance" : "luminosity",
          "value" : "dark"
        }
      ],
      "color" : {
        "color-space" : "display-p3",
        "components" : {
          "alpha" : "1.0000",
          "blue" : "0.0695",
          "green" : "0.0592",
          "red" : "0.0564"
        }
      },
      "idiom" : "universal"
    },
    {
      "appearances" : [
        {
          "appearance" : "contrast",
          "value" : "high"
        }
      ],
      "color" : {
        "color-space" : "display-p3",
        "components" : {
          "alpha" : "1.0000",
          "blue" : "0.9595",
          "green" : "0.9488",
          "red" : "0.9458"
        }
      },
      "idiom" : "universal"
    },
    {
      "appearances" : [
        {
          "appearance" : "luminosity",
          "value" : "dark"
        },
        {
          "appearance" : "contrast",
          "value" : "high"
        }
      ],
      "color" : {
        "color-space" : "display-p3",
        "components" : {
          "alpha" : "1.0000",
          "blue" : "0.0695",
          "green" : "0.0592",
          "red" : "0.0564"
        }
      },
      "idiom" : "universal"
    },
    {
      "color" : {
        "color-space" : "display-p3",
        "components" : {
          "alpha" : "1.0000",
          "blue" : "0.0695",
          "green" : "0.0592",
          "red" : "0.0564"
        }
      },
      "idiom" : "watch"
    }
  ],
  "info" : {
    "author" : "xcode",
    "version" : 1
  }
}

// prism/color-bg-surface-raised.colorset/Contents.json
{
  "colors" : [
    {
      "color" : {
        "color-space" : "display-p3",
        "components" : {
          "alpha" : "1.0000",
          "blue" : "1.0000",
          "green" : "1.0000",
          "red" : "1.0000"
        }
      },
      "idiom" : "universal"
    },
    {
      "appearances" : [
        {
          "appearance" : "luminosity",
          "value" : "dark"
        }
      ],
      "color" : {
        "color-space" : "display-p3",
        "components" : {
          "alpha" : "1.0000",
          "blue" : "0.1177",
          "green" : "0.1047",
          "red" : "0.1011"
        }
      },
      "idiom" : "universal"
    },
    {
      "appearances" : [
        {
          "appearance" : "contrast",
          "value" : "high"
        }
      ],
      "color" : {
        "color-space" : "display-p3",
        "components" : {
          "alpha" : "1.0000",
          "blue" : "1.0000",
          "green" : "1.0000",
          "red" : "1.0000"
        }
      },
      "idiom" : "universal"
    },
    {
      "appearances" : [
        {
          "appearance" : "luminosity",
          "value" : "dark"
        },
        {
          "appearance" : "contrast",
          "value" : "high"
        }
      ],
      "color" : {
        "color-space" : "display-p3",
        "components" : {
          "alpha" : "1.0000",
          "blue" : "0.1177",
          "green" : "0.1047",
          "red" : "0.1011"
        }
      },
      "idiom" : "universal"
    },
    {
      "color" : {
        "color-space" : "display-p3",
        "components" : {
          "alpha" : "1.0000",
          "blue" : "0.1177",
          "green" : "0.1047",
          "red" : "0.1011"
        }
      },
      "idiom" : "watch"
    }
  ],
  "info" : {
    "author" : "xcode",
    "version" : 1
  }
}

// prism/color-bg-surface.colorset/Contents.json
{
  "colors" : [
    {
      "color" : {
        "color-space" : "display-p3",
        "components" : {
          "alpha" : "1.0000",
          "blue" : "1.0000",
          "green" : "1.0000",
          "red" : "1.0000"
        }
      },
      "idiom" : "universal"
    },
    {
      "appearances" : [
        {
          "appearance" : "luminosity",
          "value" : "dark"
        }
      ],
      "color" : {
        "color-space" : "display-p3",
        "components" : {
          "alpha" : "1.0000",
          "blue" : "0.1177",
          "green" : "0.1047",
          "red" : "0.1011"
        }
      },
      "idiom" : "universal"
    },
    {
      "appearances" : [
        {
          "appearance" : "contrast",
          "value" : "high"
        }
      ],
      "color" : {
        "color-space" : "display-p3",
        "components" : {
          "alpha" : "1.0000",
          "blue" : "1.0000",
          "green" : "1.0000",
          "red" : "1.0000"
        }
      },
      "idiom" : "universal"
    },
    {
      "appearances" : [
        {
          "appearance" : "luminosity",
          "value" : "dark"
        },
        {
          "appearance" : "contrast",
          "value" : "high"
        }
      ],
      "color" : {
        "color-space" : "display-p3",
        "components" : {
          "alpha" : "1.0000",
          "blue" : "0.1177",
          "green" : "0.1047",
          "red" : "0.1011"
        }
      },
      "idiom" : "universal"
    },
    {
      "color" : {
        "color-space" : "display-p3",
        "components" : {
          "alpha" : "1.0000",
          "blue" : "0.1177",
          "green" : "0.1047",
          "red" : "0.1011"
        }
      },
      "idiom" : "watch"
    }
  ],
  "info" : {
    "author" : "xcode",
    "version" : 1
  }
}

// prism/color-bg-tint-accent.colorset/Contents.json
{
  "colors" : [
    {
      "color" : {
        "color-space" : "display-p3",
        "components" : {
          "alpha" : "0.1200",
          "blue" : "0.3306",
          "green" : "0.5979",
          "red" : "0.9011"
        }
      },
      "idiom" : "universal"
    },
    {
      "appearances" : [
        {
          "appearance" : "luminosity",
          "value" : "dark"
        }
      ],
      "color" : {
        "color-space" : "display-p3",
        "components" : {
          "alpha" : "0.1400",
          "blue" : "0.3306",
          "green" : "0.5979",
          "red" : "0.9011"
        }
      },
      "idiom" : "universal"
    },
    {
      "appearances" : [
        {
          "appearance" : "contrast",
          "value" : "high"
        }
      ],
      "color" : {
        "color-space" : "display-p3",
        "components" : {
          "alpha" : "0.1200",
          "blue" : "0.3306",
          "green" : "0.5979",
          "red" : "0.9011"
        }
      },
      "idiom" : "universal"
    },
    {
      "appearances" : [
        {
          "appearance" : "luminosity",
          "value" : "dark"
        },
        {
          "appearance" : "contrast",
          "value" : "high"
        }
      ],
      "color" : {
        "color-space" : "display-p3",
        "components" : {
          "alpha" : "0.1400",
          "blue" : "0.3306",
          "green" : "0.5979",
          "red" : "0.9011"
        }
      },
      "idiom" : "universal"
    },
    {
      "color" : {
        "color-space" : "display-p3",
        "components" : {
          "alpha" : "0.1400",
          "blue" : "0.3306",
          "green" : "0.5979",
          "red" : "0.9011"
        }
      },
      "idiom" : "watch"
    }
  ],
  "info" : {
    "author" : "xcode",
    "version" : 1
  }
}

// prism/color-border-hairline.colorset/Contents.json
{
  "colors" : [
    {
      "color" : {
        "color-space" : "display-p3",
        "components" : {
          "alpha" : "0.1000",
          "blue" : "0.0695",
          "green" : "0.0592",
          "red" : "0.0564"
        }
      },
      "idiom" : "universal"
    },
    {
      "appearances" : [
        {
          "appearance" : "luminosity",
          "value" : "dark"
        }
      ],
      "color" : {
        "color-space" : "display-p3",
        "components" : {
          "alpha" : "0.1200",
          "blue" : "0.0695",
          "green" : "0.0592",
          "red" : "0.0564"
        }
      },
      "idiom" : "universal"
    },
    {
      "appearances" : [
        {
          "appearance" : "contrast",
          "value" : "high"
        }
      ],
      "color" : {
        "color-space" : "display-p3",
        "components" : {
          "alpha" : "0.3000",
          "blue" : "0.0695",
          "green" : "0.0592",
          "red" : "0.0564"
        }
      },
      "idiom" : "universal"
    },
    {
      "appearances" : [
        {
          "appearance" : "luminosity",
          "value" : "dark"
        },
        {
          "appearance" : "contrast",
          "value" : "high"
        }
      ],
      "color" : {
        "color-space" : "display-p3",
        "components" : {
          "alpha" : "0.1200",
          "blue" : "0.0695",
          "green" : "0.0592",
          "red" : "0.0564"
        }
      },
      "idiom" : "universal"
    },
    {
      "color" : {
        "color-space" : "display-p3",
        "components" : {
          "alpha" : "0.1200",
          "blue" : "0.0695",
          "green" : "0.0592",
          "red" : "0.0564"
        }
      },
      "idiom" : "watch"
    }
  ],
  "info" : {
    "author" : "xcode",
    "version" : 1
  }
}

// prism/color-text-accent.colorset/Contents.json
{
  "colors" : [
    {
      "color" : {
        "color-space" : "display-p3",
        "components" : {
          "alpha" : "1.0000",
          "blue" : "0.1766",
          "green" : "0.3127",
          "red" : "0.5444"
        }
      },
      "idiom" : "universal"
    },
    {
      "appearances" : [
        {
          "appearance" : "luminosity",
          "value" : "dark"
        }
      ],
      "color" : {
        "color-space" : "display-p3",
        "components" : {
          "alpha" : "1.0000",
          "blue" : "0.3306",
          "green" : "0.5979",
          "red" : "0.9011"
        }
      },
      "idiom" : "universal"
    },
    {
      "appearances" : [
        {
          "appearance" : "contrast",
          "value" : "high"
        }
      ],
      "color" : {
        "color-space" : "display-p3",
        "components" : {
          "alpha" : "1.0000",
          "blue" : "0.1258",
          "green" : "0.2226",
          "red" : "0.4054"
        }
      },
      "idiom" : "universal"
    },
    {
      "appearances" : [
        {
          "appearance" : "luminosity",
          "value" : "dark"
        },
        {
          "appearance" : "contrast",
          "value" : "high"
        }
      ],
      "color" : {
        "color-space" : "display-p3",
        "components" : {
          "alpha" : "1.0000",
          "blue" : "0.3306",
          "green" : "0.5979",
          "red" : "0.9011"
        }
      },
      "idiom" : "universal"
    },
    {
      "color" : {
        "color-space" : "display-p3",
        "components" : {
          "alpha" : "1.0000",
          "blue" : "0.3306",
          "green" : "0.5979",
          "red" : "0.9011"
        }
      },
      "idiom" : "watch"
    }
  ],
  "info" : {
    "author" : "xcode",
    "version" : 1
  }
}

// prism/color-text-on-accent.colorset/Contents.json
{
  "colors" : [
    {
      "color" : {
        "color-space" : "display-p3",
        "components" : {
          "alpha" : "1.0000",
          "blue" : "0.0695",
          "green" : "0.0592",
          "red" : "0.0564"
        }
      },
      "idiom" : "universal"
    }
  ],
  "info" : {
    "author" : "xcode",
    "version" : 1
  }
}

// prism/color-text-on-glass.colorset/Contents.json
{
  "colors" : [
    {
      "color" : {
        "color-space" : "srgb",
        "components" : {
          "alpha" : "1.0000",
          "blue" : "1.0000",
          "green" : "1.0000",
          "red" : "1.0000"
        }
      },
      "idiom" : "universal"
    }
  ],
  "info" : {
    "author" : "xcode",
    "version" : 1
  }
}

// prism/color-text-primary.colorset/Contents.json
{
  "colors" : [
    {
      "color" : {
        "color-space" : "display-p3",
        "components" : {
          "alpha" : "1.0000",
          "blue" : "0.1177",
          "green" : "0.1047",
          "red" : "0.1011"
        }
      },
      "idiom" : "universal"
    },
    {
      "appearances" : [
        {
          "appearance" : "luminosity",
          "value" : "dark"
        }
      ],
      "color" : {
        "color-space" : "display-p3",
        "components" : {
          "alpha" : "1.0000",
          "blue" : "1.0000",
          "green" : "1.0000",
          "red" : "1.0000"
        }
      },
      "idiom" : "universal"
    },
    {
      "appearances" : [
        {
          "appearance" : "contrast",
          "value" : "high"
        }
      ],
      "color" : {
        "color-space" : "display-p3",
        "components" : {
          "alpha" : "1.0000",
          "blue" : "0.1177",
          "green" : "0.1047",
          "red" : "0.1011"
        }
      },
      "idiom" : "universal"
    },
    {
      "appearances" : [
        {
          "appearance" : "luminosity",
          "value" : "dark"
        },
        {
          "appearance" : "contrast",
          "value" : "high"
        }
      ],
      "color" : {
        "color-space" : "display-p3",
        "components" : {
          "alpha" : "1.0000",
          "blue" : "1.0000",
          "green" : "1.0000",
          "red" : "1.0000"
        }
      },
      "idiom" : "universal"
    },
    {
      "color" : {
        "color-space" : "display-p3",
        "components" : {
          "alpha" : "1.0000",
          "blue" : "1.0000",
          "green" : "1.0000",
          "red" : "1.0000"
        }
      },
      "idiom" : "watch"
    }
  ],
  "info" : {
    "author" : "xcode",
    "version" : 1
  }
}

// prism/color-text-secondary.colorset/Contents.json
{
  "colors" : [
    {
      "color" : {
        "color-space" : "srgb",
        "components" : {
          "alpha" : "0.6400",
          "blue" : "0.0000",
          "green" : "0.0000",
          "red" : "0.0000"
        }
      },
      "idiom" : "universal"
    },
    {
      "appearances" : [
        {
          "appearance" : "luminosity",
          "value" : "dark"
        }
      ],
      "color" : {
        "color-space" : "srgb",
        "components" : {
          "alpha" : "0.6400",
          "blue" : "1.0000",
          "green" : "1.0000",
          "red" : "1.0000"
        }
      },
      "idiom" : "universal"
    },
    {
      "appearances" : [
        {
          "appearance" : "contrast",
          "value" : "high"
        }
      ],
      "color" : {
        "color-space" : "srgb",
        "components" : {
          "alpha" : "0.8000",
          "blue" : "0.0000",
          "green" : "0.0000",
          "red" : "0.0000"
        }
      },
      "idiom" : "universal"
    },
    {
      "appearances" : [
        {
          "appearance" : "luminosity",
          "value" : "dark"
        },
        {
          "appearance" : "contrast",
          "value" : "high"
        }
      ],
      "color" : {
        "color-space" : "srgb",
        "components" : {
          "alpha" : "0.8000",
          "blue" : "1.0000",
          "green" : "1.0000",
          "red" : "1.0000"
        }
      },
      "idiom" : "universal"
    },
    {
      "color" : {
        "color-space" : "srgb",
        "components" : {
          "alpha" : "0.6400",
          "blue" : "1.0000",
          "green" : "1.0000",
          "red" : "1.0000"
        }
      },
      "idiom" : "watch"
    }
  ],
  "info" : {
    "author" : "xcode",
    "version" : 1
  }
}

// prism/material-glass-dark-fill.colorset/Contents.json
{
  "colors" : [
    {
      "color" : {
        "color-space" : "display-p3",
        "components" : {
          "alpha" : "0.5500",
          "blue" : "0.0328",
          "green" : "0.0469",
          "red" : "0.0407"
        }
      },
      "idiom" : "universal"
    },
    {
      "appearances" : [
        {
          "appearance" : "luminosity",
          "value" : "dark"
        }
      ],
      "color" : {
        "color-space" : "display-p3",
        "components" : {
          "alpha" : "0.6000",
          "blue" : "0.0639",
          "green" : "0.0780",
          "red" : "0.0657"
        }
      },
      "idiom" : "universal"
    },
    {
      "appearances" : [
        {
          "appearance" : "contrast",
          "value" : "high"
        }
      ],
      "color" : {
        "color-space" : "display-p3",
        "components" : {
          "alpha" : "0.5500",
          "blue" : "0.0328",
          "green" : "0.0469",
          "red" : "0.0407"
        }
      },
      "idiom" : "universal"
    },
    {
      "appearances" : [
        {
          "appearance" : "luminosity",
          "value" : "dark"
        },
        {
          "appearance" : "contrast",
          "value" : "high"
        }
      ],
      "color" : {
        "color-space" : "display-p3",
        "components" : {
          "alpha" : "0.6000",
          "blue" : "0.0639",
          "green" : "0.0780",
          "red" : "0.0657"
        }
      },
      "idiom" : "universal"
    },
    {
      "color" : {
        "color-space" : "display-p3",
        "components" : {
          "alpha" : "0.6000",
          "blue" : "0.0639",
          "green" : "0.0780",
          "red" : "0.0657"
        }
      },
      "idiom" : "watch"
    }
  ],
  "info" : {
    "author" : "xcode",
    "version" : 1
  }
}

// prism/material-glass-scrim.colorset/Contents.json
{
  "colors" : [
    {
      "color" : {
        "color-space" : "srgb",
        "components" : {
          "alpha" : "0.3500",
          "blue" : "0.0000",
          "green" : "0.0000",
          "red" : "0.0000"
        }
      },
      "idiom" : "universal"
    },
    {
      "appearances" : [
        {
          "appearance" : "luminosity",
          "value" : "dark"
        }
      ],
      "color" : {
        "color-space" : "srgb",
        "components" : {
          "alpha" : "0.4000",
          "blue" : "0.0000",
          "green" : "0.0000",
          "red" : "0.0000"
        }
      },
      "idiom" : "universal"
    },
    {
      "appearances" : [
        {
          "appearance" : "contrast",
          "value" : "high"
        }
      ],
      "color" : {
        "color-space" : "srgb",
        "components" : {
          "alpha" : "0.3500",
          "blue" : "0.0000",
          "green" : "0.0000",
          "red" : "0.0000"
        }
      },
      "idiom" : "universal"
    },
    {
      "appearances" : [
        {
          "appearance" : "luminosity",
          "value" : "dark"
        },
        {
          "appearance" : "contrast",
          "value" : "high"
        }
      ],
      "color" : {
        "color-space" : "srgb",
        "components" : {
          "alpha" : "0.4000",
          "blue" : "0.0000",
          "green" : "0.0000",
          "red" : "0.0000"
        }
      },
      "idiom" : "universal"
    },
    {
      "color" : {
        "color-space" : "srgb",
        "components" : {
          "alpha" : "0.4000",
          "blue" : "0.0000",
          "green" : "0.0000",
          "red" : "0.0000"
        }
      },
      "idiom" : "watch"
    }
  ],
  "info" : {
    "author" : "xcode",
    "version" : 1
  }
}
