// Vitest Snapshot v1, https://vitest.dev/guide/snapshot.html

exports[`one permutation through Style Dictionary > IR snapshot of the mini default permutation 1`] = `
[
  {
    "aliasOf": null,
    "alpha": null,
    "deprecated": null,
    "description": "outside sRGB, inside Display P3",
    "id": "ref.color.accent.300",
    "metadata": {},
    "path": "ref.color.accent.300",
    "raw": {
      "alpha": 1,
      "colorSpace": "oklch",
      "components": [
        0.8506,
        0.1133,
        68.2,
      ],
      "hex": "#ffc07a",
    },
    "source": {
      "file": "tokens/ref/core.tokens.json",
      "layer": {
        "kind": "set",
        "name": "base",
      },
      "line": 57,
    },
    "subAliases": {},
    "tier": "ref",
    "type": "color",
    "value": {
      "alpha": 1,
      "components": [
        0.8506,
        0.1133,
        68.2,
      ],
      "hex": "#ffc07a",
      "inP3": true,
      "inSrgb": false,
      "kind": "color",
      "oklch": [
        0.8506,
        0.1133,
        68.2,
      ],
      "p3": [
        0.962205017,
        0.7627651323,
        0.5194255252,
      ],
      "space": "oklch",
      "srgb": [
        1,
        0.7528157584,
        0.4784649634,
      ],
    },
  },
  {
    "aliasOf": null,
    "alpha": null,
    "deprecated": null,
    "description": null,
    "id": "ref.color.accent.500",
    "metadata": {},
    "path": "ref.color.accent.500",
    "raw": {
      "alpha": 1,
      "colorSpace": "oklch",
      "components": [
        0.7517,
        0.1475,
        57.6,
      ],
      "hex": "#f39444",
    },
    "source": {
      "file": "tokens/ref/core.tokens.json",
      "layer": {
        "kind": "set",
        "name": "base",
      },
      "line": 70,
    },
    "subAliases": {},
    "tier": "ref",
    "type": "color",
    "value": {
      "alpha": 1,
      "components": [
        0.7517,
        0.1475,
        57.6,
      ],
      "hex": "#f39444",
      "inP3": true,
      "inSrgb": true,
      "kind": "color",
      "oklch": [
        0.7517,
        0.1475,
        57.6,
      ],
      "p3": [
        0.9011234773,
        0.597909622,
        0.3306417838,
      ],
      "space": "oklch",
      "srgb": [
        0.9528862244,
        0.5804449542,
        0.2665453523,
      ],
    },
  },
  {
    "aliasOf": null,
    "alpha": null,
    "deprecated": null,
    "description": null,
    "id": "ref.color.accent.800",
    "metadata": {},
    "path": "ref.color.accent.800",
    "raw": {
      "alpha": 1,
      "colorSpace": "oklch",
      "components": [
        0.4981,
        0.1107,
        47.3,
      ],
      "hex": "#944c24",
    },
    "source": {
      "file": "tokens/ref/core.tokens.json",
      "layer": {
        "kind": "set",
        "name": "base",
      },
      "line": 82,
    },
    "subAliases": {},
    "tier": "ref",
    "type": "color",
    "value": {
      "alpha": 1,
      "components": [
        0.4981,
        0.1107,
        47.3,
      ],
      "hex": "#944c24",
      "inP3": true,
      "inSrgb": true,
      "kind": "color",
      "oklch": [
        0.4981,
        0.1107,
        47.3,
      ],
      "p3": [
        0.5443883336,
        0.3127205713,
        0.1765748573,
      ],
      "space": "oklch",
      "srgb": [
        0.5815497558,
        0.2979342588,
        0.1406499111,
      ],
    },
  },
  {
    "aliasOf": null,
    "alpha": null,
    "deprecated": null,
    "description": null,
    "id": "ref.color.neutral.0",
    "metadata": {},
    "path": "ref.color.neutral.0",
    "raw": {
      "alpha": 1,
      "colorSpace": "oklch",
      "components": [
        1,
        0,
        0,
      ],
      "hex": "#ffffff",
    },
    "source": {
      "file": "tokens/ref/core.tokens.json",
      "layer": {
        "kind": "set",
        "name": "base",
      },
      "line": 7,
    },
    "subAliases": {},
    "tier": "ref",
    "type": "color",
    "value": {
      "alpha": 1,
      "components": [
        1,
        0,
        0,
      ],
      "hex": "#ffffff",
      "inP3": true,
      "inSrgb": true,
      "kind": "color",
      "oklch": [
        1,
        0,
        0,
      ],
      "p3": [
        1,
        1,
        1,
      ],
      "space": "oklch",
      "srgb": [
        1,
        1,
        1,
      ],
    },
  },
  {
    "aliasOf": null,
    "alpha": null,
    "deprecated": null,
    "description": null,
    "id": "ref.color.neutral.100",
    "metadata": {},
    "path": "ref.color.neutral.100",
    "raw": {
      "alpha": 1,
      "colorSpace": "oklch",
      "components": [
        0.9612,
        0.0041,
        271.4,
      ],
      "hex": "#f1f2f5",
    },
    "source": {
      "file": "tokens/ref/core.tokens.json",
      "layer": {
        "kind": "set",
        "name": "base",
      },
      "line": 19,
    },
    "subAliases": {},
    "tier": "ref",
    "type": "color",
    "value": {
      "alpha": 1,
      "components": [
        0.9612,
        0.0041,
        271.4,
      ],
      "hex": "#f1f2f5",
      "inP3": true,
      "inSrgb": true,
      "kind": "color",
      "oklch": [
        0.9612,
        0.0041,
        271.4,
      ],
      "p3": [
        0.9457853562,
        0.9488408001,
        0.9595130462,
      ],
      "space": "oklch",
      "srgb": [
        0.9450962626,
        0.9489690176,
        0.960612294,
      ],
    },
  },
  {
    "aliasOf": null,
    "alpha": null,
    "deprecated": null,
    "description": null,
    "id": "ref.color.neutral.900",
    "metadata": {},
    "path": "ref.color.neutral.900",
    "raw": {
      "alpha": 1,
      "colorSpace": "oklch",
      "components": [
        0.2213,
        0.0072,
        271.4,
      ],
      "hex": "#1a1b1e",
    },
    "source": {
      "file": "tokens/ref/core.tokens.json",
      "layer": {
        "kind": "set",
        "name": "base",
      },
      "line": 31,
    },
    "subAliases": {},
    "tier": "ref",
    "type": "color",
    "value": {
      "alpha": 1,
      "components": [
        0.2213,
        0.0072,
        271.4,
      ],
      "hex": "#1a1b1e",
      "inP3": true,
      "inSrgb": true,
      "kind": "color",
      "oklch": [
        0.2213,
        0.0072,
        271.4,
      ],
      "p3": [
        0.1011230903,
        0.1047300117,
        0.1176915851,
      ],
      "space": "oklch",
      "srgb": [
        0.1002955188,
        0.1048792196,
        0.1189551425,
      ],
    },
  },
  {
    "aliasOf": null,
    "alpha": null,
    "deprecated": null,
    "description": null,
    "id": "ref.color.neutral.950",
    "metadata": {},
    "path": "ref.color.neutral.950",
    "raw": {
      "alpha": 1,
      "colorSpace": "oklch",
      "components": [
        0.1693,
        0.0061,
        271.4,
      ],
      "hex": "#0e0f12",
    },
    "source": {
      "file": "tokens/ref/core.tokens.json",
      "layer": {
        "kind": "set",
        "name": "base",
      },
      "line": 43,
    },
    "subAliases": {},
    "tier": "ref",
    "type": "color",
    "value": {
      "alpha": 1,
      "components": [
        0.1693,
        0.0061,
        271.4,
      ],
      "hex": "#0e0f12",
      "inP3": true,
      "inSrgb": true,
      "kind": "color",
      "oklch": [
        0.1693,
        0.0061,
        271.4,
      ],
      "p3": [
        0.056394243,
        0.0592411738,
        0.0695106677,
      ],
      "space": "oklch",
      "srgb": [
        0.055739668,
        0.0593587406,
        0.0705053982,
      ],
    },
  },
  {
    "aliasOf": "ref.color.accent.500",
    "alpha": null,
    "deprecated": null,
    "description": null,
    "id": "ref.color.slot.dark.bg-fill-accent",
    "metadata": {},
    "path": "ref.color.slot.dark.bg-fill-accent",
    "raw": "{ref.color.accent.500}",
    "source": {
      "file": "tokens/ref/core.tokens.json",
      "layer": {
        "kind": "set",
        "name": "base",
      },
      "line": 114,
    },
    "subAliases": {},
    "tier": "ref",
    "type": "color",
    "value": {
      "alpha": 1,
      "components": [
        0.7517,
        0.1475,
        57.6,
      ],
      "hex": "#f39444",
      "inP3": true,
      "inSrgb": true,
      "kind": "color",
      "oklch": [
        0.7517,
        0.1475,
        57.6,
      ],
      "p3": [
        0.9011234773,
        0.597909622,
        0.3306417838,
      ],
      "space": "oklch",
      "srgb": [
        0.9528862244,
        0.5804449542,
        0.2665453523,
      ],
    },
  },
  {
    "aliasOf": "ref.color.neutral.950",
    "alpha": null,
    "deprecated": null,
    "description": null,
    "id": "ref.color.slot.dark.bg-page",
    "metadata": {},
    "path": "ref.color.slot.dark.bg-page",
    "raw": "{ref.color.neutral.950}",
    "source": {
      "file": "tokens/ref/core.tokens.json",
      "layer": {
        "kind": "set",
        "name": "base",
      },
      "line": 111,
    },
    "subAliases": {},
    "tier": "ref",
    "type": "color",
    "value": {
      "alpha": 1,
      "components": [
        0.1693,
        0.0061,
        271.4,
      ],
      "hex": "#0e0f12",
      "inP3": true,
      "inSrgb": true,
      "kind": "color",
      "oklch": [
        0.1693,
        0.0061,
        271.4,
      ],
      "p3": [
        0.056394243,
        0.0592411738,
        0.0695106677,
      ],
      "space": "oklch",
      "srgb": [
        0.055739668,
        0.0593587406,
        0.0705053982,
      ],
    },
  },
  {
    "aliasOf": "ref.color.accent.500",
    "alpha": null,
    "deprecated": null,
    "description": null,
    "id": "ref.color.slot.dark.text-accent",
    "metadata": {},
    "path": "ref.color.slot.dark.text-accent",
    "raw": "{ref.color.accent.500}",
    "source": {
      "file": "tokens/ref/core.tokens.json",
      "layer": {
        "kind": "set",
        "name": "base",
      },
      "line": 120,
    },
    "subAliases": {},
    "tier": "ref",
    "type": "color",
    "value": {
      "alpha": 1,
      "components": [
        0.7517,
        0.1475,
        57.6,
      ],
      "hex": "#f39444",
      "inP3": true,
      "inSrgb": true,
      "kind": "color",
      "oklch": [
        0.7517,
        0.1475,
        57.6,
      ],
      "p3": [
        0.9011234773,
        0.597909622,
        0.3306417838,
      ],
      "space": "oklch",
      "srgb": [
        0.9528862244,
        0.5804449542,
        0.2665453523,
      ],
    },
  },
  {
    "aliasOf": "ref.color.neutral.950",
    "alpha": null,
    "deprecated": null,
    "description": null,
    "id": "ref.color.slot.dark.text-on-accent",
    "metadata": {},
    "path": "ref.color.slot.dark.text-on-accent",
    "raw": "{ref.color.neutral.950}",
    "source": {
      "file": "tokens/ref/core.tokens.json",
      "layer": {
        "kind": "set",
        "name": "base",
      },
      "line": 117,
    },
    "subAliases": {},
    "tier": "ref",
    "type": "color",
    "value": {
      "alpha": 1,
      "components": [
        0.1693,
        0.0061,
        271.4,
      ],
      "hex": "#0e0f12",
      "inP3": true,
      "inSrgb": true,
      "kind": "color",
      "oklch": [
        0.1693,
        0.0061,
        271.4,
      ],
      "p3": [
        0.056394243,
        0.0592411738,
        0.0695106677,
      ],
      "space": "oklch",
      "srgb": [
        0.055739668,
        0.0593587406,
        0.0705053982,
      ],
    },
  },
  {
    "aliasOf": "ref.color.accent.300",
    "alpha": null,
    "deprecated": null,
    "description": null,
    "id": "ref.color.slot.light.bg-fill-accent",
    "metadata": {},
    "path": "ref.color.slot.light.bg-fill-accent",
    "raw": "{ref.color.accent.300}",
    "source": {
      "file": "tokens/ref/core.tokens.json",
      "layer": {
        "kind": "set",
        "name": "base",
      },
      "line": 100,
    },
    "subAliases": {},
    "tier": "ref",
    "type": "color",
    "value": {
      "alpha": 1,
      "components": [
        0.8506,
        0.1133,
        68.2,
      ],
      "hex": "#ffc07a",
      "inP3": true,
      "inSrgb": false,
      "kind": "color",
      "oklch": [
        0.8506,
        0.1133,
        68.2,
      ],
      "p3": [
        0.962205017,
        0.7627651323,
        0.5194255252,
      ],
      "space": "oklch",
      "srgb": [
        1,
        0.7528157584,
        0.4784649634,
      ],
    },
  },
  {
    "aliasOf": "ref.color.neutral.100",
    "alpha": null,
    "deprecated": null,
    "description": null,
    "id": "ref.color.slot.light.bg-page",
    "metadata": {},
    "path": "ref.color.slot.light.bg-page",
    "raw": "{ref.color.neutral.100}",
    "source": {
      "file": "tokens/ref/core.tokens.json",
      "layer": {
        "kind": "set",
        "name": "base",
      },
      "line": 97,
    },
    "subAliases": {},
    "tier": "ref",
    "type": "color",
    "value": {
      "alpha": 1,
      "components": [
        0.9612,
        0.0041,
        271.4,
      ],
      "hex": "#f1f2f5",
      "inP3": true,
      "inSrgb": true,
      "kind": "color",
      "oklch": [
        0.9612,
        0.0041,
        271.4,
      ],
      "p3": [
        0.9457853562,
        0.9488408001,
        0.9595130462,
      ],
      "space": "oklch",
      "srgb": [
        0.9450962626,
        0.9489690176,
        0.960612294,
      ],
    },
  },
  {
    "aliasOf": "ref.color.accent.800",
    "alpha": null,
    "deprecated": null,
    "description": null,
    "id": "ref.color.slot.light.text-accent",
    "metadata": {},
    "path": "ref.color.slot.light.text-accent",
    "raw": "{ref.color.accent.800}",
    "source": {
      "file": "tokens/ref/core.tokens.json",
      "layer": {
        "kind": "set",
        "name": "base",
      },
      "line": 106,
    },
    "subAliases": {},
    "tier": "ref",
    "type": "color",
    "value": {
      "alpha": 1,
      "components": [
        0.4981,
        0.1107,
        47.3,
      ],
      "hex": "#944c24",
      "inP3": true,
      "inSrgb": true,
      "kind": "color",
      "oklch": [
        0.4981,
        0.1107,
        47.3,
      ],
      "p3": [
        0.5443883336,
        0.3127205713,
        0.1765748573,
      ],
      "space": "oklch",
      "srgb": [
        0.5815497558,
        0.2979342588,
        0.1406499111,
      ],
    },
  },
  {
    "aliasOf": "ref.color.neutral.950",
    "alpha": null,
    "deprecated": null,
    "description": null,
    "id": "ref.color.slot.light.text-on-accent",
    "metadata": {},
    "path": "ref.color.slot.light.text-on-accent",
    "raw": "{ref.color.neutral.950}",
    "source": {
      "file": "tokens/ref/core.tokens.json",
      "layer": {
        "kind": "set",
        "name": "base",
      },
      "line": 103,
    },
    "subAliases": {},
    "tier": "ref",
    "type": "color",
    "value": {
      "alpha": 1,
      "components": [
        0.1693,
        0.0061,
        271.4,
      ],
      "hex": "#0e0f12",
      "inP3": true,
      "inSrgb": true,
      "kind": "color",
      "oklch": [
        0.1693,
        0.0061,
        271.4,
      ],
      "p3": [
        0.056394243,
        0.0592411738,
        0.0695106677,
      ],
      "space": "oklch",
      "srgb": [
        0.055739668,
        0.0593587406,
        0.0705053982,
      ],
    },
  },
  {
    "aliasOf": null,
    "alpha": null,
    "deprecated": null,
    "description": null,
    "id": "ref.font.display",
    "metadata": {},
    "path": "ref.font.display",
    "raw": [
      "Onest",
      "system-ui",
      "sans-serif",
    ],
    "source": {
      "file": "tokens/ref/type.tokens.json",
      "layer": {
        "kind": "set",
        "name": "base",
      },
      "line": 13,
    },
    "subAliases": {},
    "tier": "ref",
    "type": "fontFamily",
    "value": {
      "families": [
        "Onest",
        "system-ui",
        "sans-serif",
      ],
      "kind": "fontFamily",
      "opsz": 32,
    },
  },
  {
    "aliasOf": null,
    "alpha": null,
    "deprecated": null,
    "description": null,
    "id": "ref.font.ui",
    "metadata": {},
    "path": "ref.font.ui",
    "raw": [
      "Onest",
      "system-ui",
      "sans-serif",
    ],
    "source": {
      "file": "tokens/ref/type.tokens.json",
      "layer": {
        "kind": "set",
        "name": "base",
      },
      "line": 6,
    },
    "subAliases": {},
    "tier": "ref",
    "type": "fontFamily",
    "value": {
      "families": [
        "Onest",
        "system-ui",
        "sans-serif",
      ],
      "kind": "fontFamily",
      "opsz": null,
    },
  },
  {
    "aliasOf": null,
    "alpha": null,
    "deprecated": null,
    "description": null,
    "id": "ref.gradient.vivid.plum-dusk",
    "metadata": {},
    "path": "ref.gradient.vivid.plum-dusk",
    "raw": [
      {
        "color": {
          "alpha": 1,
          "colorSpace": "oklch",
          "components": [
            0.45,
            0.09,
            330,
          ],
          "hex": "#71426d",
        },
        "position": 0,
      },
      {
        "color": {
          "alpha": 1,
          "colorSpace": "oklch",
          "components": [
            0.3,
            0.06,
            300,
          ],
          "hex": "#332647",
        },
        "position": 1,
      },
    ],
    "source": {
      "file": "tokens/ref/core.tokens.json",
      "layer": {
        "kind": "set",
        "name": "base",
      },
      "line": 186,
    },
    "subAliases": {},
    "tier": "ref",
    "type": "gradient",
    "value": {
      "angle": 200,
      "bloom": null,
      "grain": 0.05,
      "kind": "gradient",
      "scheme": "dark",
      "stops": [
        {
          "color": {
            "alpha": 1,
            "components": [
              0.45,
              0.09,
              330,
            ],
            "hex": "#71426d",
            "inP3": true,
            "inSrgb": true,
            "kind": "color",
            "oklch": [
              0.45,
              0.09,
              330,
            ],
            "p3": [
              0.4169273704,
              0.265872657,
              0.4178050424,
            ],
            "space": "oklch",
            "srgb": [
              0.442646727,
              0.2571371013,
              0.427075959,
            ],
          },
          "kind": "gradientStop",
          "position": 0,
        },
        {
          "color": {
            "alpha": 1,
            "components": [
              0.3,
              0.06,
              300,
            ],
            "hex": "#332647",
            "inP3": true,
            "inSrgb": true,
            "kind": "color",
            "oklch": [
              0.3,
              0.06,
              300,
            ],
            "p3": [
              0.1905913617,
              0.1517125313,
              0.2712420255,
            ],
            "space": "oklch",
            "srgb": [
              0.1982219743,
              0.1498450802,
              0.279527195,
            ],
          },
          "kind": "gradientStop",
          "position": 1,
        },
      ],
      "temperature": "cool",
    },
  },
  {
    "aliasOf": null,
    "alpha": null,
    "deprecated": null,
    "description": null,
    "id": "ref.gradient.vivid.sky",
    "metadata": {},
    "path": "ref.gradient.vivid.sky",
    "raw": [
      {
        "color": {
          "alpha": 1,
          "colorSpace": "oklch",
          "components": [
            0.6,
            0.12,
            240,
          ],
          "hex": "#2b88c0",
        },
        "position": 0,
      },
      {
        "color": {
          "alpha": 1,
          "colorSpace": "oklch",
          "components": [
            0.42,
            0.1,
            250,
          ],
          "hex": "#194f81",
        },
        "position": 1,
      },
    ],
    "source": {
      "file": "tokens/ref/core.tokens.json",
      "layer": {
        "kind": "set",
        "name": "base",
      },
      "line": 144,
    },
    "subAliases": {},
    "tier": "ref",
    "type": "gradient",
    "value": {
      "angle": 165,
      "bloom": {
        "alpha": 0.3,
        "blur": 150,
      },
      "grain": 0.06,
      "kind": "gradient",
      "scheme": "light",
      "stops": [
        {
          "color": {
            "alpha": 1,
            "components": [
              0.6,
              0.12,
              240,
            ],
            "hex": "#2b88c0",
            "inP3": true,
            "inSrgb": true,
            "kind": "color",
            "oklch": [
              0.6,
              0.12,
              240,
            ],
            "p3": [
              0.2799718837,
              0.5272431365,
              0.7348045139,
            ],
            "space": "oklch",
            "srgb": [
              0.1681245586,
              0.5346726582,
              0.7535583924,
            ],
          },
          "kind": "gradientStop",
          "position": 0,
        },
        {
          "color": {
            "alpha": 1,
            "components": [
              0.42,
              0.1,
              250,
            ],
            "hex": "#194f81",
            "inP3": true,
            "inSrgb": true,
            "kind": "color",
            "oklch": [
              0.42,
              0.1,
              250,
            ],
            "p3": [
              0.1601632102,
              0.3065377962,
              0.490947554,
            ],
            "space": "oklch",
            "srgb": [
              0.0983095316,
              0.3110111929,
              0.5058851858,
            ],
          },
          "kind": "gradientStop",
          "position": 1,
        },
      ],
      "temperature": "cool",
    },
  },
  {
    "aliasOf": null,
    "alpha": null,
    "deprecated": null,
    "description": null,
    "id": "ref.motion.duration.base",
    "metadata": {},
    "path": "ref.motion.duration.base",
    "raw": {
      "unit": "ms",
      "value": 250,
    },
    "source": {
      "file": "tokens/ref/core.tokens.json",
      "layer": {
        "kind": "set",
        "name": "base",
      },
      "line": 254,
    },
    "subAliases": {},
    "tier": "ref",
    "type": "duration",
    "value": {
      "kind": "duration",
      "ms": 250,
    },
  },
  {
    "aliasOf": null,
    "alpha": null,
    "deprecated": null,
    "description": null,
    "id": "ref.motion.duration.fast",
    "metadata": {},
    "path": "ref.motion.duration.fast",
    "raw": {
      "unit": "ms",
      "value": 150,
    },
    "source": {
      "file": "tokens/ref/core.tokens.json",
      "layer": {
        "kind": "set",
        "name": "base",
      },
      "line": 248,
    },
    "subAliases": {},
    "tier": "ref",
    "type": "duration",
    "value": {
      "kind": "duration",
      "ms": 150,
    },
  },
  {
    "aliasOf": null,
    "alpha": null,
    "deprecated": null,
    "description": null,
    "id": "ref.motion.easing.in-out",
    "metadata": {},
    "path": "ref.motion.easing.in-out",
    "raw": [
      0.77,
      0,
      0.175,
      1,
    ],
    "source": {
      "file": "tokens/ref/core.tokens.json",
      "layer": {
        "kind": "set",
        "name": "base",
      },
      "line": 237,
    },
    "subAliases": {},
    "tier": "ref",
    "type": "cubicBezier",
    "value": {
      "kind": "cubicBezier",
      "points": [
        0.77,
        0,
        0.175,
        1,
      ],
    },
  },
  {
    "aliasOf": null,
    "alpha": null,
    "deprecated": null,
    "description": null,
    "id": "ref.motion.easing.out",
    "metadata": {},
    "path": "ref.motion.easing.out",
    "raw": [
      0.23,
      1,
      0.32,
      1,
    ],
    "source": {
      "file": "tokens/ref/core.tokens.json",
      "layer": {
        "kind": "set",
        "name": "base",
      },
      "line": 229,
    },
    "subAliases": {},
    "tier": "ref",
    "type": "cubicBezier",
    "value": {
      "kind": "cubicBezier",
      "points": [
        0.23,
        1,
        0.32,
        1,
      ],
    },
  },
  {
    "aliasOf": null,
    "alpha": null,
    "deprecated": null,
    "description": "default for state changes",
    "id": "ref.motion.spring.snappy",
    "metadata": {},
    "path": "ref.motion.spring.snappy",
    "raw": {
      "delay": {
        "unit": "ms",
        "value": 0,
      },
      "duration": {
        "unit": "ms",
        "value": 487,
      },
      "timingFunction": "{ref.motion.easing.out}",
    },
    "source": {
      "file": "tokens/ref/core.tokens.json",
      "layer": {
        "kind": "set",
        "name": "base",
      },
      "line": 263,
    },
    "subAliases": {
      "timingFunction": "ref.motion.easing.out",
    },
    "tier": "ref",
    "type": "transition",
    "value": {
      "delay": {
        "kind": "duration",
        "ms": 0,
      },
      "duration": {
        "kind": "duration",
        "ms": 487,
      },
      "kind": "transition",
      "spring": {
        "blendDuration": 0,
        "bounce": 0.15,
        "duration": 0.35,
      },
      "timingFunction": {
        "kind": "cubicBezier",
        "points": [
          0.23,
          1,
          0.32,
          1,
        ],
      },
    },
  },
  {
    "aliasOf": null,
    "alpha": null,
    "deprecated": null,
    "description": null,
    "id": "ref.space.2",
    "metadata": {},
    "path": "ref.space.2",
    "raw": {
      "unit": "px",
      "value": 8,
    },
    "source": {
      "file": "tokens/ref/core.tokens.json",
      "layer": {
        "kind": "set",
        "name": "base",
      },
      "line": 127,
    },
    "subAliases": {},
    "tier": "ref",
    "type": "dimension",
    "value": {
      "kind": "dimension",
      "px": 8,
      "unit": "px",
      "value": 8,
    },
  },
  {
    "aliasOf": null,
    "alpha": null,
    "deprecated": null,
    "description": null,
    "id": "ref.space.4",
    "metadata": {},
    "path": "ref.space.4",
    "raw": {
      "unit": "px",
      "value": 16,
    },
    "source": {
      "file": "tokens/ref/core.tokens.json",
      "layer": {
        "kind": "set",
        "name": "base",
      },
      "line": 133,
    },
    "subAliases": {},
    "tier": "ref",
    "type": "dimension",
    "value": {
      "kind": "dimension",
      "px": 16,
      "unit": "px",
      "value": 16,
    },
  },
  {
    "aliasOf": null,
    "alpha": null,
    "deprecated": null,
    "description": null,
    "id": "ref.type.body.md",
    "metadata": {},
    "path": "ref.type.body.md",
    "raw": {
      "fontFamily": "{ref.font.ui}",
      "fontSize": {
        "unit": "px",
        "value": 15,
      },
      "fontWeight": 400,
      "letterSpacing": {
        "unit": "px",
        "value": 0,
      },
      "lineHeight": 1.5,
    },
    "source": {
      "file": "tokens/ref/type.tokens.json",
      "layer": {
        "kind": "set",
        "name": "base",
      },
      "line": 33,
    },
    "subAliases": {
      "fontFamily": "ref.font.ui",
    },
    "tier": "ref",
    "type": "typography",
    "value": {
      "boldWeight": 600,
      "darkWeight": null,
      "fontFamily": {
        "families": [
          "Onest",
          "system-ui",
          "sans-serif",
        ],
        "kind": "fontFamily",
        "opsz": null,
      },
      "fontSize": {
        "kind": "dimension",
        "px": 15,
        "unit": "px",
        "value": 15,
      },
      "fontWeight": {
        "kind": "fontWeight",
        "weight": 400,
      },
      "kind": "typography",
      "letterSpacing": {
        "kind": "dimension",
        "px": 0,
        "unit": "px",
        "value": 0,
      },
      "lineHeight": 1.5,
      "numeric": "proportional",
      "slot": "ui",
      "textStyle": "subheadline",
    },
  },
  {
    "aliasOf": null,
    "alpha": null,
    "deprecated": null,
    "description": "the one hero numeral; 300 in light, 200 in dark",
    "id": "ref.type.metric.xl",
    "metadata": {},
    "path": "ref.type.metric.xl",
    "raw": {
      "fontFamily": "{ref.font.display}",
      "fontSize": {
        "unit": "px",
        "value": 48,
      },
      "fontWeight": 300,
      "letterSpacing": {
        "unit": "px",
        "value": -0.96,
      },
      "lineHeight": 1,
    },
    "source": {
      "file": "tokens/ref/type.tokens.json",
      "layer": {
        "kind": "set",
        "name": "base",
      },
      "line": 57,
    },
    "subAliases": {
      "fontFamily": "ref.font.display",
    },
    "tier": "ref",
    "type": "typography",
    "value": {
      "boldWeight": 400,
      "darkWeight": 200,
      "fontFamily": {
        "families": [
          "Onest",
          "system-ui",
          "sans-serif",
        ],
        "kind": "fontFamily",
        "opsz": 32,
      },
      "fontSize": {
        "kind": "dimension",
        "px": 48,
        "unit": "px",
        "value": 48,
      },
      "fontWeight": {
        "kind": "fontWeight",
        "weight": 300,
      },
      "kind": "typography",
      "letterSpacing": {
        "kind": "dimension",
        "px": -0.96,
        "unit": "px",
        "value": -0.96,
      },
      "lineHeight": 1,
      "numeric": "proportional",
      "slot": "display",
      "textStyle": "largeTitle",
    },
  },
  {
    "aliasOf": null,
    "alpha": null,
    "deprecated": null,
    "description": null,
    "id": "ref.type.scale",
    "metadata": {},
    "path": "ref.type.scale",
    "raw": 1,
    "source": {
      "file": "tokens/ref/type.tokens.json",
      "layer": {
        "kind": "set",
        "name": "base",
      },
      "line": 28,
    },
    "subAliases": {},
    "tier": "ref",
    "type": "number",
    "value": {
      "flag": false,
      "kind": "number",
      "value": 1,
    },
  },
  {
    "aliasOf": "ref.color.slot.light.bg-fill-accent",
    "alpha": null,
    "deprecated": null,
    "description": null,
    "id": "sys.color.bg.fill.accent",
    "metadata": {},
    "path": "color.bg.fill.accent",
    "raw": "{ref.color.slot.light.bg-fill-accent}",
    "source": {
      "file": "tokens/sys/color/light.tokens.json",
      "layer": {
        "context": "light",
        "kind": "modifier",
        "name": "colorScheme",
      },
      "line": 19,
    },
    "subAliases": {},
    "tier": "sys",
    "type": "color",
    "value": {
      "alpha": 1,
      "components": [
        0.8506,
        0.1133,
        68.2,
      ],
      "hex": "#ffc07a",
      "inP3": true,
      "inSrgb": false,
      "kind": "color",
      "oklch": [
        0.8506,
        0.1133,
        68.2,
      ],
      "p3": [
        0.962205017,
        0.7627651323,
        0.5194255252,
      ],
      "space": "oklch",
      "srgb": [
        1,
        0.7528157584,
        0.4784649634,
      ],
    },
  },
  {
    "aliasOf": "ref.color.slot.light.bg-page",
    "alpha": null,
    "deprecated": null,
    "description": null,
    "id": "sys.color.bg.page",
    "metadata": {},
    "path": "color.bg.page",
    "raw": "{ref.color.slot.light.bg-page}",
    "source": {
      "file": "tokens/sys/color/light.tokens.json",
      "layer": {
        "context": "light",
        "kind": "modifier",
        "name": "colorScheme",
      },
      "line": 7,
    },
    "subAliases": {},
    "tier": "sys",
    "type": "color",
    "value": {
      "alpha": 1,
      "components": [
        0.9612,
        0.0041,
        271.4,
      ],
      "hex": "#f1f2f5",
      "inP3": true,
      "inSrgb": true,
      "kind": "color",
      "oklch": [
        0.9612,
        0.0041,
        271.4,
      ],
      "p3": [
        0.9457853562,
        0.9488408001,
        0.9595130462,
      ],
      "space": "oklch",
      "srgb": [
        0.9450962626,
        0.9489690176,
        0.960612294,
      ],
    },
  },
  {
    "aliasOf": "ref.color.neutral.0",
    "alpha": null,
    "deprecated": null,
    "description": null,
    "id": "sys.color.bg.surface.$root",
    "metadata": {},
    "path": "color.bg.surface",
    "raw": "{ref.color.neutral.0}",
    "source": {
      "file": "tokens/sys/color/light.tokens.json",
      "layer": {
        "context": "light",
        "kind": "modifier",
        "name": "colorScheme",
      },
      "line": 11,
    },
    "subAliases": {},
    "tier": "sys",
    "type": "color",
    "value": {
      "alpha": 1,
      "components": [
        1,
        0,
        0,
      ],
      "hex": "#ffffff",
      "inP3": true,
      "inSrgb": true,
      "kind": "color",
      "oklch": [
        1,
        0,
        0,
      ],
      "p3": [
        1,
        1,
        1,
      ],
      "space": "oklch",
      "srgb": [
        1,
        1,
        1,
      ],
    },
  },
  {
    "aliasOf": "ref.color.neutral.0",
    "alpha": null,
    "deprecated": null,
    "description": null,
    "id": "sys.color.bg.surface.raised",
    "metadata": {},
    "path": "color.bg.surface.raised",
    "raw": "{ref.color.neutral.0}",
    "source": {
      "file": "tokens/sys/color/light.tokens.json",
      "layer": {
        "context": "light",
        "kind": "modifier",
        "name": "colorScheme",
      },
      "line": 14,
    },
    "subAliases": {},
    "tier": "sys",
    "type": "color",
    "value": {
      "alpha": 1,
      "components": [
        1,
        0,
        0,
      ],
      "hex": "#ffffff",
      "inP3": true,
      "inSrgb": true,
      "kind": "color",
      "oklch": [
        1,
        0,
        0,
      ],
      "p3": [
        1,
        1,
        1,
      ],
      "space": "oklch",
      "srgb": [
        1,
        1,
        1,
      ],
    },
  },
  {
    "aliasOf": "ref.color.accent.500",
    "alpha": 0.12,
    "deprecated": null,
    "description": null,
    "id": "sys.color.bg.tint.accent",
    "metadata": {},
    "path": "color.bg.tint.accent",
    "raw": "{ref.color.accent.500}",
    "source": {
      "file": "tokens/sys/color/light.tokens.json",
      "layer": {
        "context": "light",
        "kind": "modifier",
        "name": "colorScheme",
      },
      "line": 24,
    },
    "subAliases": {},
    "tier": "sys",
    "type": "color",
    "value": {
      "alpha": 0.12,
      "components": [
        0.7517,
        0.1475,
        57.6,
      ],
      "hex": "#f39444",
      "inP3": true,
      "inSrgb": true,
      "kind": "color",
      "oklch": [
        0.7517,
        0.1475,
        57.6,
      ],
      "p3": [
        0.9011234773,
        0.597909622,
        0.3306417838,
      ],
      "space": "oklch",
      "srgb": [
        0.9528862244,
        0.5804449542,
        0.2665453523,
      ],
    },
  },
  {
    "aliasOf": "ref.color.slot.light.text-accent",
    "alpha": null,
    "deprecated": null,
    "description": null,
    "id": "sys.color.text.accent",
    "metadata": {},
    "path": "color.text.accent",
    "raw": "{ref.color.slot.light.text-accent}",
    "source": {
      "file": "tokens/sys/color/light.tokens.json",
      "layer": {
        "context": "light",
        "kind": "modifier",
        "name": "colorScheme",
      },
      "line": 63,
    },
    "subAliases": {},
    "tier": "sys",
    "type": "color",
    "value": {
      "alpha": 1,
      "components": [
        0.4981,
        0.1107,
        47.3,
      ],
      "hex": "#944c24",
      "inP3": true,
      "inSrgb": true,
      "kind": "color",
      "oklch": [
        0.4981,
        0.1107,
        47.3,
      ],
      "p3": [
        0.5443883336,
        0.3127205713,
        0.1765748573,
      ],
      "space": "oklch",
      "srgb": [
        0.5815497558,
        0.2979342588,
        0.1406499111,
      ],
    },
  },
  {
    "aliasOf": "ref.color.slot.light.text-on-accent",
    "alpha": null,
    "deprecated": null,
    "description": null,
    "id": "sys.color.text.on-accent",
    "metadata": {},
    "path": "color.text.on-accent",
    "raw": "{ref.color.slot.light.text-on-accent}",
    "source": {
      "file": "tokens/sys/color/light.tokens.json",
      "layer": {
        "context": "light",
        "kind": "modifier",
        "name": "colorScheme",
      },
      "line": 60,
    },
    "subAliases": {},
    "tier": "sys",
    "type": "color",
    "value": {
      "alpha": 1,
      "components": [
        0.1693,
        0.0061,
        271.4,
      ],
      "hex": "#0e0f12",
      "inP3": true,
      "inSrgb": true,
      "kind": "color",
      "oklch": [
        0.1693,
        0.0061,
        271.4,
      ],
      "p3": [
        0.056394243,
        0.0592411738,
        0.0695106677,
      ],
      "space": "oklch",
      "srgb": [
        0.055739668,
        0.0593587406,
        0.0705053982,
      ],
    },
  },
  {
    "aliasOf": "ref.color.neutral.900",
    "alpha": null,
    "deprecated": null,
    "description": null,
    "id": "sys.color.text.primary",
    "metadata": {
      "a11y": {
        "pairsWith": [
          "color.bg.page",
          "color.bg.surface",
        ],
      },
    },
    "path": "color.text.primary",
    "raw": "{ref.color.neutral.900}",
    "source": {
      "file": "tokens/sys/color/light.tokens.json",
      "layer": {
        "context": "light",
        "kind": "modifier",
        "name": "colorScheme",
      },
      "line": 35,
    },
    "subAliases": {},
    "tier": "sys",
    "type": "color",
    "value": {
      "alpha": 1,
      "components": [
        0.2213,
        0.0072,
        271.4,
      ],
      "hex": "#1a1b1e",
      "inP3": true,
      "inSrgb": true,
      "kind": "color",
      "oklch": [
        0.2213,
        0.0072,
        271.4,
      ],
      "p3": [
        0.1011230903,
        0.1047300117,
        0.1176915851,
      ],
      "space": "oklch",
      "srgb": [
        0.1002955188,
        0.1048792196,
        0.1189551425,
      ],
    },
  },
  {
    "aliasOf": null,
    "alpha": null,
    "deprecated": null,
    "description": null,
    "id": "sys.color.text.secondary",
    "metadata": {},
    "path": "color.text.secondary",
    "raw": {
      "alpha": 0.64,
      "colorSpace": "srgb",
      "components": [
        0,
        0,
        0,
      ],
      "hex": "#000000",
    },
    "source": {
      "file": "tokens/sys/color/light.tokens.json",
      "layer": {
        "context": "light",
        "kind": "modifier",
        "name": "colorScheme",
      },
      "line": 48,
    },
    "subAliases": {},
    "tier": "sys",
    "type": "color",
    "value": {
      "alpha": 0.64,
      "components": [
        0,
        0,
        0,
      ],
      "hex": "#000000",
      "inP3": true,
      "inSrgb": true,
      "kind": "color",
      "oklch": [
        0,
        0,
        0,
      ],
      "p3": [
        0,
        0,
        0,
      ],
      "space": "srgb",
      "srgb": [
        0,
        0,
        0,
      ],
    },
  },
  {
    "aliasOf": "ref.gradient.vivid.sky",
    "alpha": null,
    "deprecated": null,
    "description": null,
    "id": "sys.gradient.vivid.default",
    "metadata": {},
    "path": "gradient.vivid.default",
    "raw": "{ref.gradient.vivid.sky}",
    "source": {
      "file": "tokens/sys/color/light.tokens.json",
      "layer": {
        "context": "light",
        "kind": "modifier",
        "name": "colorScheme",
      },
      "line": 71,
    },
    "subAliases": {},
    "tier": "sys",
    "type": "gradient",
    "value": {
      "angle": 165,
      "bloom": {
        "alpha": 0.3,
        "blur": 150,
      },
      "grain": 0.06,
      "kind": "gradient",
      "scheme": "light",
      "stops": [
        {
          "color": {
            "alpha": 1,
            "components": [
              0.6,
              0.12,
              240,
            ],
            "hex": "#2b88c0",
            "inP3": true,
            "inSrgb": true,
            "kind": "color",
            "oklch": [
              0.6,
              0.12,
              240,
            ],
            "p3": [
              0.2799718837,
              0.5272431365,
              0.7348045139,
            ],
            "space": "oklch",
            "srgb": [
              0.1681245586,
              0.5346726582,
              0.7535583924,
            ],
          },
          "kind": "gradientStop",
          "position": 0,
        },
        {
          "color": {
            "alpha": 1,
            "components": [
              0.42,
              0.1,
              250,
            ],
            "hex": "#194f81",
            "inP3": true,
            "inSrgb": true,
            "kind": "color",
            "oklch": [
              0.42,
              0.1,
              250,
            ],
            "p3": [
              0.1601632102,
              0.3065377962,
              0.490947554,
            ],
            "space": "oklch",
            "srgb": [
              0.0983095316,
              0.3110111929,
              0.5058851858,
            ],
          },
          "kind": "gradientStop",
          "position": 1,
        },
      ],
      "temperature": "cool",
    },
  },
  {
    "aliasOf": "ref.motion.duration.base",
    "alpha": null,
    "deprecated": null,
    "description": null,
    "id": "sys.motion.duration.base",
    "metadata": {},
    "path": "motion.duration.base",
    "raw": "{ref.motion.duration.base}",
    "source": {
      "file": "tokens/sys/motion/default.tokens.json",
      "layer": {
        "context": "default",
        "kind": "modifier",
        "name": "motion",
      },
      "line": 10,
    },
    "subAliases": {},
    "tier": "sys",
    "type": "duration",
    "value": {
      "kind": "duration",
      "ms": 250,
    },
  },
  {
    "aliasOf": "ref.motion.duration.fast",
    "alpha": null,
    "deprecated": null,
    "description": null,
    "id": "sys.motion.duration.fast",
    "metadata": {},
    "path": "motion.duration.fast",
    "raw": "{ref.motion.duration.fast}",
    "source": {
      "file": "tokens/sys/motion/default.tokens.json",
      "layer": {
        "context": "default",
        "kind": "modifier",
        "name": "motion",
      },
      "line": 7,
    },
    "subAliases": {},
    "tier": "sys",
    "type": "duration",
    "value": {
      "kind": "duration",
      "ms": 150,
    },
  },
  {
    "aliasOf": "ref.motion.easing.out",
    "alpha": null,
    "deprecated": null,
    "description": null,
    "id": "sys.motion.easing.out",
    "metadata": {},
    "path": "motion.easing.out",
    "raw": "{ref.motion.easing.out}",
    "source": {
      "file": "tokens/sys/motion/default.tokens.json",
      "layer": {
        "context": "default",
        "kind": "modifier",
        "name": "motion",
      },
      "line": 16,
    },
    "subAliases": {},
    "tier": "sys",
    "type": "cubicBezier",
    "value": {
      "kind": "cubicBezier",
      "points": [
        0.23,
        1,
        0.32,
        1,
      ],
    },
  },
  {
    "aliasOf": null,
    "alpha": null,
    "deprecated": null,
    "description": null,
    "id": "sys.motion.presentation.crossfade",
    "metadata": {},
    "path": "motion.presentation.crossfade",
    "raw": 0,
    "source": {
      "file": "tokens/sys/motion/default.tokens.json",
      "layer": {
        "context": "default",
        "kind": "modifier",
        "name": "motion",
      },
      "line": 27,
    },
    "subAliases": {},
    "tier": "sys",
    "type": "number",
    "value": {
      "flag": true,
      "kind": "number",
      "value": 0,
    },
  },
  {
    "aliasOf": "ref.motion.spring.snappy",
    "alpha": null,
    "deprecated": null,
    "description": null,
    "id": "sys.motion.spring.snappy",
    "metadata": {},
    "path": "motion.spring.snappy",
    "raw": "{ref.motion.spring.snappy}",
    "source": {
      "file": "tokens/sys/motion/default.tokens.json",
      "layer": {
        "context": "default",
        "kind": "modifier",
        "name": "motion",
      },
      "line": 22,
    },
    "subAliases": {},
    "tier": "sys",
    "type": "transition",
    "value": {
      "delay": {
        "kind": "duration",
        "ms": 0,
      },
      "duration": {
        "kind": "duration",
        "ms": 487,
      },
      "kind": "transition",
      "spring": {
        "blendDuration": 0,
        "bounce": 0.15,
        "duration": 0.35,
      },
      "timingFunction": {
        "kind": "cubicBezier",
        "points": [
          0.23,
          1,
          0.32,
          1,
        ],
      },
    },
  },
  {
    "aliasOf": null,
    "alpha": null,
    "deprecated": null,
    "description": null,
    "id": "sys.size.control.md",
    "metadata": {},
    "path": "size.control.md",
    "raw": {
      "unit": "px",
      "value": 32,
    },
    "source": {
      "file": "tokens/sys/density/compact.tokens.json",
      "layer": {
        "context": "compact",
        "kind": "modifier",
        "name": "density",
      },
      "line": 13,
    },
    "subAliases": {},
    "tier": "sys",
    "type": "dimension",
    "value": {
      "kind": "dimension",
      "px": 32,
      "unit": "px",
      "value": 32,
    },
  },
  {
    "aliasOf": "ref.space.2",
    "alpha": null,
    "deprecated": null,
    "description": null,
    "id": "sys.space.card-padding",
    "metadata": {},
    "path": "space.card-padding",
    "raw": "{ref.space.2}",
    "source": {
      "file": "tokens/sys/density/compact.tokens.json",
      "layer": {
        "context": "compact",
        "kind": "modifier",
        "name": "density",
      },
      "line": 6,
    },
    "subAliases": {},
    "tier": "sys",
    "type": "dimension",
    "value": {
      "kind": "dimension",
      "px": 8,
      "unit": "px",
      "value": 8,
    },
  },
  {
    "aliasOf": "ref.type.body.md",
    "alpha": null,
    "deprecated": null,
    "description": null,
    "id": "sys.type.body.md",
    "metadata": {},
    "path": "type.body.md",
    "raw": "{ref.type.body.md}",
    "source": {
      "file": "tokens/sys/base.tokens.json",
      "layer": {
        "kind": "set",
        "name": "base",
      },
      "line": 6,
    },
    "subAliases": {},
    "tier": "sys",
    "type": "typography",
    "value": {
      "boldWeight": 600,
      "darkWeight": null,
      "fontFamily": {
        "families": [
          "Onest",
          "system-ui",
          "sans-serif",
        ],
        "kind": "fontFamily",
        "opsz": null,
      },
      "fontSize": {
        "kind": "dimension",
        "px": 15,
        "unit": "px",
        "value": 15,
      },
      "fontWeight": {
        "kind": "fontWeight",
        "weight": 400,
      },
      "kind": "typography",
      "letterSpacing": {
        "kind": "dimension",
        "px": 0,
        "unit": "px",
        "value": 0,
      },
      "lineHeight": 1.5,
      "numeric": "proportional",
      "slot": "ui",
      "textStyle": "subheadline",
    },
  },
  {
    "aliasOf": "ref.type.metric.xl",
    "alpha": null,
    "deprecated": null,
    "description": null,
    "id": "sys.type.metric.xl",
    "metadata": {},
    "path": "type.metric.xl",
    "raw": "{ref.type.metric.xl}",
    "source": {
      "file": "tokens/sys/base.tokens.json",
      "layer": {
        "kind": "set",
        "name": "base",
      },
      "line": 12,
    },
    "subAliases": {},
    "tier": "sys",
    "type": "typography",
    "value": {
      "boldWeight": 400,
      "darkWeight": 200,
      "fontFamily": {
        "families": [
          "Onest",
          "system-ui",
          "sans-serif",
        ],
        "kind": "fontFamily",
        "opsz": 32,
      },
      "fontSize": {
        "kind": "dimension",
        "px": 48,
        "unit": "px",
        "value": 48,
      },
      "fontWeight": {
        "kind": "fontWeight",
        "weight": 300,
      },
      "kind": "typography",
      "letterSpacing": {
        "kind": "dimension",
        "px": -0.96,
        "unit": "px",
        "value": -0.96,
      },
      "lineHeight": 1,
      "numeric": "proportional",
      "slot": "display",
      "textStyle": "largeTitle",
    },
  },
  {
    "aliasOf": "sys.color.bg.tint.accent",
    "alpha": null,
    "deprecated": null,
    "description": null,
    "id": "comp.button.bg",
    "metadata": {},
    "path": "comp.button.bg",
    "raw": "{sys.color.bg.tint.accent}",
    "source": {
      "file": "tokens/prism.resolver.json",
      "layer": {
        "kind": "set",
        "name": "base",
      },
      "line": 36,
    },
    "subAliases": {},
    "tier": "comp",
    "type": "color",
    "value": {
      "alpha": 0.12,
      "components": [
        0.7517,
        0.1475,
        57.6,
      ],
      "hex": "#f39444",
      "inP3": true,
      "inSrgb": true,
      "kind": "color",
      "oklch": [
        0.7517,
        0.1475,
        57.6,
      ],
      "p3": [
        0.9011234773,
        0.597909622,
        0.3306417838,
      ],
      "space": "oklch",
      "srgb": [
        0.9528862244,
        0.5804449542,
        0.2665453523,
      ],
    },
  },
  {
    "aliasOf": "sys.motion.spring.snappy",
    "alpha": null,
    "deprecated": null,
    "description": null,
    "id": "comp.button.motion.press",
    "metadata": {},
    "path": "comp.button.motion.press",
    "raw": "{sys.motion.spring.snappy}",
    "source": {
      "file": "tokens/prism.resolver.json",
      "layer": {
        "kind": "set",
        "name": "base",
      },
      "line": 40,
    },
    "subAliases": {},
    "tier": "comp",
    "type": "transition",
    "value": {
      "delay": {
        "kind": "duration",
        "ms": 0,
      },
      "duration": {
        "kind": "duration",
        "ms": 487,
      },
      "kind": "transition",
      "spring": {
        "blendDuration": 0,
        "bounce": 0.15,
        "duration": 0.35,
      },
      "timingFunction": {
        "kind": "cubicBezier",
        "points": [
          0.23,
          1,
          0.32,
          1,
        ],
      },
    },
  },
  {
    "aliasOf": "sys.color.bg.surface.$root",
    "alpha": null,
    "deprecated": null,
    "description": null,
    "id": "comp.card.bg",
    "metadata": {},
    "path": "comp.card.bg",
    "raw": "{sys.color.bg.surface.$root}",
    "source": {
      "file": "tokens/prism.resolver.json",
      "layer": {
        "kind": "set",
        "name": "base",
      },
      "line": 28,
    },
    "subAliases": {},
    "tier": "comp",
    "type": "color",
    "value": {
      "alpha": 1,
      "components": [
        1,
        0,
        0,
      ],
      "hex": "#ffffff",
      "inP3": true,
      "inSrgb": true,
      "kind": "color",
      "oklch": [
        1,
        0,
        0,
      ],
      "p3": [
        1,
        1,
        1,
      ],
      "space": "oklch",
      "srgb": [
        1,
        1,
        1,
      ],
    },
  },
  {
    "aliasOf": "sys.type.metric.xl",
    "alpha": null,
    "deprecated": null,
    "description": null,
    "id": "comp.card.title",
    "metadata": {},
    "path": "comp.card.title",
    "raw": "{sys.type.metric.xl}",
    "source": {
      "file": "tokens/prism.resolver.json",
      "layer": {
        "kind": "set",
        "name": "base",
      },
      "line": 31,
    },
    "subAliases": {},
    "tier": "comp",
    "type": "typography",
    "value": {
      "boldWeight": 400,
      "darkWeight": 200,
      "fontFamily": {
        "families": [
          "Onest",
          "system-ui",
          "sans-serif",
        ],
        "kind": "fontFamily",
        "opsz": 32,
      },
      "fontSize": {
        "kind": "dimension",
        "px": 48,
        "unit": "px",
        "value": 48,
      },
      "fontWeight": {
        "kind": "fontWeight",
        "weight": 300,
      },
      "kind": "typography",
      "letterSpacing": {
        "kind": "dimension",
        "px": -0.96,
        "unit": "px",
        "value": -0.96,
      },
      "lineHeight": 1,
      "numeric": "proportional",
      "slot": "display",
      "textStyle": "largeTitle",
    },
  },
]
`;
